2026-09-28 00:36:04,001 | INFO | Starting Security Automation Framework
2026-09-28 00:36:04,002 | INFO | Alert loaded
2026-09-28 00:36:04,002 | INFO | Alert ID: ALERT-001
2026-09-28 00:36:04,002 | INFO | Severity: medium
2026-09-28 00:36:04,002 | INFO | Local rule result: MEDIUM
2026-09-28 00:36:04,002 | INFO | VirusTotal lookup: example.com
2026-09-28 00:36:04,736 | INFO | FINAL RISK: LOW
2026-09-28 00:36:04,736 | INFO | ACTION: LOG_ONLY
2026-09-28 00:36:04,736 | INFO | SOAR webhook not configured
2026-09-28 00:36:04,747 | INFO | Automation completed successfully
2026-09-28 01:17:44,292 | INFO | Starting Security Automation Framework
2026-09-28 01:17:44,292 | INFO | Alert loaded
2026-09-28 01:17:44,292 | INFO | Alert ID: ALERT-001
2026-09-28 01:17:44,292 | INFO | Severity: medium
2026-09-28 01:17:44,292 | INFO | Local rule result: MEDIUM
2026-09-28 01:17:44,293 | INFO | Using cached VT result for example.com
2026-09-28 01:17:44,293 | INFO | FINAL RISK: LOW
2026-09-28 01:17:44,293 | INFO | ACTION: LOG_ONLY
2026-09-28 01:17:44,293 | INFO | SOAR webhook not configured
2026-09-28 01:17:44,302 | INFO | Automation completed successfully
2026-09-28 01:20:39,146 | INFO | Starting Security Automation Framework
2026-09-28 01:20:39,147 | INFO | Alert loaded
2026-09-28 01:20:39,147 | INFO | Alert ID: ALERT-001
2026-09-28 01:20:39,147 | INFO | Severity: medium
2026-09-28 01:20:39,147 | INFO | Local rule result: MEDIUM
2026-09-28 01:20:39,147 | INFO | Using cached VT result for example.com
2026-09-28 01:20:39,147 | INFO | FINAL RISK: LOW
2026-09-28 01:20:39,147 | INFO | ACTION: LOG_ONLY
2026-09-28 01:20:39,147 | INFO | SOAR webhook not configured
2026-09-28 01:20:39,157 | INFO | Automation completed successfully
2026-09-28 01:28:16,285 | INFO | Starting Security Automation Framework
2026-09-28 01:28:16,285 | INFO | Alert loaded
2026-09-28 01:28:16,286 | INFO | Alert ID: ALERT-001
2026-09-28 01:28:16,286 | INFO | Severity: medium
2026-09-28 01:28:16,286 | INFO | Local rule result: MEDIUM
2026-09-28 01:28:16,286 | INFO | Using cached VT result for example.com
2026-09-28 01:28:16,286 | INFO | FINAL RISK: LOW
2026-09-28 01:28:16,286 | INFO | ACTION: LOG_ONLY
2026-09-28 01:28:16,286 | INFO | SOAR webhook not configured
2026-09-28 01:28:16,296 | INFO | Automation completed successfully
2026-09-28 01:36:21,445 | INFO | Starting Security Automation Framework
2026-09-28 01:36:21,445 | INFO | Alert loaded
2026-09-28 01:36:21,446 | INFO | Alert ID: ALERT-001
2026-09-28 01:36:21,446 | INFO | Severity: medium
2026-09-28 01:36:21,446 | INFO | Local rule result: MEDIUM
2026-09-28 01:36:21,446 | INFO | Using cached VT result for example.com
2026-09-28 01:36:21,446 | INFO | FINAL RISK: MEDIUM
2026-09-28 01:36:21,446 | INFO | ACTION: REVIEW_AND_NOTIFY
2026-09-28 01:36:21,446 | INFO | SOAR webhook not configured
2026-09-28 01:36:21,455 | INFO | Discord webhook not configured
2026-09-28 01:36:21,456 | INFO | Automation completed successfully
2026-09-28 01:45:33,897 | INFO | Starting Security Automation Framework
2026-09-28 01:45:33,897 | INFO | Alert loaded
2026-09-28 01:45:33,897 | INFO | Alert ID: ALERT-001
2026-09-28 01:45:33,897 | INFO | Severity: medium
2026-09-28 01:45:33,897 | INFO | Local rule result: MEDIUM
2026-09-28 01:45:33,898 | INFO | Using cached VT result for example.com
2026-09-28 01:45:33,898 | INFO | FINAL RISK: MEDIUM
2026-09-28 01:45:33,899 | INFO | ACTION: REVIEW_AND_NOTIFY
2026-09-28 01:45:33,899 | INFO | SOAR webhook not configured
2026-09-28 01:45:34,597 | INFO | Discord response: HTTP 204
2026-09-28 01:45:34,599 | INFO | Automation completed successfully
2026-09-28 02:41:06,206 | INFO | Starting Security Automation Framework
2026-09-28 02:41:06,209 | INFO | Alert loaded
2026-09-28 02:41:06,209 | INFO | Alert ID: ALERT-001
2026-09-28 02:41:06,209 | INFO | Severity: medium
2026-09-28 02:41:06,210 | INFO | Local rule result: MEDIUM
2026-09-28 02:41:06,211 | INFO | Using cached VT result for example.com
2026-09-28 02:41:06,211 | INFO | FINAL RISK: MEDIUM
2026-09-28 02:41:06,211 | INFO | ACTION: REVIEW_AND_NOTIFY
2026-09-28 02:41:06,211 | INFO | SOAR webhook not configured
2026-09-28 02:41:07,226 | INFO | Discord response: HTTP 204
2026-09-28 02:41:07,228 | INFO | Automation completed successfully
2026-09-28 02:42:09,107 | INFO | Starting Security Automation Framework
2026-09-28 02:42:09,108 | INFO | Alert loaded
2026-09-28 02:42:09,109 | INFO | Alert ID: ALERT-001
2026-09-28 02:42:09,109 | INFO | Severity: medium
2026-09-28 02:42:09,109 | INFO | Local rule result: MEDIUM
2026-09-28 02:42:09,110 | INFO | Using cached VT result for example.com
2026-09-28 02:42:09,110 | INFO | FINAL RISK: MEDIUM
2026-09-28 02:42:09,110 | INFO | ACTION: REVIEW_AND_NOTIFY
2026-09-28 02:42:09,110 | INFO | SOAR webhook not configured
2026-09-28 02:42:09,749 | INFO | Discord response: HTTP 204
2026-09-28 02:42:09,754 | INFO | Automation completed successfully
2026-09-28 02:45:10,932 | INFO | Starting Security Automation Framework
2026-09-28 02:45:10,933 | INFO | Alert loaded
2026-09-28 02:45:10,933 | INFO | Alert ID: ALERT-001
2026-09-28 02:45:10,933 | INFO | Severity: medium
2026-09-28 02:45:10,933 | INFO | Local rule result: MEDIUM
2026-09-28 02:45:10,933 | INFO | Using cached VT result for example.com
2026-09-28 02:45:10,933 | INFO | FINAL RISK: MEDIUM
2026-09-28 02:45:10,933 | INFO | ACTION: REVIEW_AND_NOTIFY
2026-09-28 02:45:10,933 | INFO | SOAR webhook not configured
2026-09-28 02:45:12,115 | INFO | Discord response: HTTP 204
2026-09-28 02:45:12,116 | INFO | Automation completed successfully
2026-09-28 02:45:45,312 | INFO | Starting Security Automation Framework
2026-09-28 02:45:45,312 | INFO | Alert loaded
2026-09-28 02:45:45,313 | INFO | Alert ID: ALERT-001
2026-09-28 02:45:45,314 | INFO | Severity: medium
2026-09-28 02:45:45,314 | INFO | Local rule result: MEDIUM
2026-09-28 02:45:45,314 | INFO | Using cached VT result for example.com
2026-09-28 02:45:45,315 | INFO | FINAL RISK: MEDIUM
2026-09-28 02:45:45,315 | INFO | ACTION: REVIEW_AND_NOTIFY
2026-09-28 02:45:45,315 | INFO | SOAR webhook not configured
2026-09-28 02:45:45,894 | INFO | Discord response: HTTP 204
2026-09-28 02:45:45,896 | INFO | Automation completed successfully
2026-09-28 02:46:05,434 | INFO | Starting Security Automation Framework
2026-09-28 02:46:05,435 | INFO | Alert loaded
2026-09-28 02:46:05,435 | INFO | Alert ID: ALERT-001
2026-09-28 02:46:05,435 | INFO | Severity: medium
2026-09-28 02:46:05,435 | INFO | Local rule result: MEDIUM
2026-09-28 02:46:05,435 | INFO | Using cached VT result for example.com
2026-09-28 02:46:05,435 | INFO | FINAL RISK: MEDIUM
2026-09-28 02:46:05,435 | INFO | ACTION: REVIEW_AND_NOTIFY
2026-09-28 02:46:05,435 | INFO | SOAR webhook not configured
2026-09-28 02:46:06,031 | INFO | Discord response: HTTP 204
2026-09-28 02:46:06,034 | INFO | Automation completed successfully
2026-09-28 03:10:40,870 | INFO | Starting Security Automation Framework
2026-09-28 03:10:40,871 | INFO | Alert loaded
2026-09-28 03:10:40,871 | INFO | Alert ID: ALERT-001
2026-09-28 03:10:40,871 | INFO | Severity: medium
2026-09-28 03:10:40,871 | INFO | Local rule result: MEDIUM
2026-09-28 03:10:40,872 | INFO | Using cached VT result for example.com
2026-09-28 03:10:40,872 | INFO | FINAL RISK: MEDIUM
2026-09-28 03:10:40,872 | INFO | ACTION: REVIEW_AND_NOTIFY
2026-09-28 03:10:40,872 | INFO | SOAR webhook not configured
2026-09-28 03:10:41,835 | INFO | Discord response: HTTP 204
2026-09-28 03:10:41,837 | INFO | Automation completed successfully
2026-09-30 02:53:03,334 | INFO | Starting Security Automation Framework
2026-09-30 02:53:03,342 | INFO | Alert loaded
2026-09-30 02:53:03,342 | INFO | Alert ID: ALERT-001
2026-09-30 02:53:03,342 | INFO | Severity: medium
2026-09-30 02:53:03,342 | INFO | Local rule result: MEDIUM
2026-09-30 02:53:03,345 | INFO | Using cached VT result for example.com
2026-09-30 02:53:03,346 | INFO | FINAL RISK: MEDIUM
2026-09-30 02:53:03,346 | INFO | ACTION: REVIEW_AND_NOTIFY
2026-09-30 02:53:03,346 | INFO | SOAR webhook not configured
2026-09-30 02:53:03,363 | INFO | Discord webhook not configured
2026-09-30 02:53:03,364 | INFO | Automation completed successfully
2026-09-30 02:53:57,426 | INFO | Starting Security Automation Framework
2026-09-30 02:53:57,430 | INFO | Alert loaded
2026-09-30 02:53:57,432 | INFO | Alert ID: ALERT-001
2026-09-30 02:53:57,433 | INFO | Severity: medium
2026-09-30 02:53:57,433 | INFO | Local rule result: MEDIUM
2026-09-30 02:53:57,434 | INFO | Using cached VT result for example.com
2026-09-30 02:53:57,434 | INFO | FINAL RISK: MEDIUM
2026-09-30 02:53:57,434 | INFO | ACTION: REVIEW_AND_NOTIFY
2026-09-30 02:53:57,434 | INFO | SOAR webhook not configured
2026-09-30 02:53:57,476 | INFO | Discord webhook not configured
2026-09-30 02:53:57,486 | INFO | Automation completed successfully
2026-09-30 02:54:43,329 | INFO | Starting Security Automation Framework
2026-09-30 02:54:43,331 | INFO | Alert loaded
2026-09-30 02:54:43,331 | INFO | Alert ID: ALERT-001
2026-09-30 02:54:43,332 | INFO | Severity: medium
2026-09-30 02:54:43,332 | INFO | Local rule result: MEDIUM
2026-09-30 02:54:43,332 | INFO | Using cached VT result for example.com
2026-09-30 02:54:43,332 | INFO | FINAL RISK: MEDIUM
2026-09-30 02:54:43,332 | INFO | ACTION: REVIEW_AND_NOTIFY
2026-09-30 02:54:43,332 | INFO | SOAR webhook not configured
2026-09-30 02:54:43,357 | INFO | Discord webhook not configured
2026-09-30 02:54:43,360 | INFO | Automation completed successfully
2026-09-30 03:00:52,116 | INFO | Starting Security Automation Framework
2026-09-30 03:00:52,117 | INFO | Alert loaded
2026-09-30 03:00:52,117 | INFO | Alert ID: ALERT-001
2026-09-30 03:00:52,118 | INFO | Severity: medium
2026-09-30 03:00:52,118 | INFO | Local rule result: MEDIUM
2026-09-30 03:00:52,118 | INFO | Using cached VT result for example.com
2026-09-30 03:00:52,119 | INFO | FINAL RISK: MEDIUM
2026-09-30 03:00:52,119 | INFO | ACTION: REVIEW_AND_NOTIFY
2026-09-30 03:00:52,119 | INFO | SOAR webhook not configured
2026-09-30 03:00:52,148 | INFO | Discord webhook not configured
2026-09-30 03:00:52,149 | INFO | Automation completed successfully
2026-09-30 03:03:08,528 | INFO | Starting Security Automation Framework
2026-09-30 03:03:08,530 | INFO | Alert loaded
2026-09-30 03:03:08,530 | INFO | Alert ID: ALERT-001
2026-09-30 03:03:08,531 | INFO | Severity: medium
2026-09-30 03:03:08,531 | INFO | Local rule result: MEDIUM
2026-09-30 03:03:08,532 | INFO | Using cached VT result for example.com
2026-09-30 03:03:08,532 | INFO | FINAL RISK: MEDIUM
2026-09-30 03:03:08,532 | INFO | ACTION: REVIEW_AND_NOTIFY
2026-09-30 03:03:08,533 | INFO | SOAR webhook not configured
2026-09-30 03:03:08,560 | INFO | Discord webhook not configured
2026-09-30 03:03:08,560 | INFO | Automation completed successfully
2026-09-30 03:17:12,086 | INFO | Starting Security Automation Framework
2026-09-30 03:17:12,099 | INFO | Alert loaded
2026-09-30 03:17:12,099 | INFO | Alert ID: ALERT-001
2026-09-30 03:17:12,100 | INFO | Severity: medium
2026-09-30 03:17:12,102 | INFO | Local rule result: MEDIUM
2026-09-30 03:17:12,104 | INFO | Using cached VT result for example.com
2026-09-30 03:17:12,106 | INFO | FINAL RISK: MEDIUM
2026-09-30 03:17:12,106 | INFO | ACTION: REVIEW_AND_NOTIFY
2026-09-30 03:17:12,106 | INFO | SOAR webhook not configured
2026-09-30 03:17:12,904 | INFO | Discord response: HTTP 204
2026-09-30 03:17:12,910 | INFO | Automation completed successfully
